
> tasks@0.1.0 test
> react-scripts test

Browserslist: caniuse-lite is outdated. Please run:
  npx browserslist@latest --update-db
  Why you should do it regularly: https://github.com/browserslist/browserslist#browsers-data-updating
PASS src/quizzer/Quizzer.test.tsx
PASS src/App.test.tsx
-------------------|---------|----------|---------|---------|----------------------------
File               | % Stmts | % Branch | % Funcs | % Lines | Uncovered Line #s          
-------------------|---------|----------|---------|---------|----------------------------
All files          |   88.81 |    83.92 |   84.93 |   88.51 |                            
 src               |   66.66 |       50 |      50 |   66.66 |                            
  App.tsx          |   66.66 |       50 |      50 |   66.66 | 16                         
 src/interfaces    |       0 |        0 |       0 |       0 |                            
  question.ts      |       0 |        0 |       0 |       0 |                            
  quiz.ts          |       0 |        0 |       0 |       0 |                            
 src/quizzer       |   89.26 |    86.53 |   85.91 |   88.96 |                            
  AddQuizModal.tsx |   64.28 |      100 |      40 |   64.28 | 38-56                      
  QuestionEdit.tsx |   71.42 |    78.57 |    62.5 |   71.42 | 62-64,72-74,97,172,208,232 
  QuizCard.tsx     |     100 |       80 |     100 |     100 | 34                         
  QuizEdit.tsx     |   96.15 |      100 |   92.85 |   96.15 | 97                         
  QuizExpanded.tsx |     100 |    85.71 |     100 |     100 | 73                         
  QuizList.tsx     |     100 |      100 |     100 |     100 |                            
  QuizQuestion.tsx |     100 |    85.71 |     100 |     100 | 26-33                      
  QuizView.tsx     |     100 |      100 |     100 |     100 |                            
  Quizzer.tsx      |     100 |      100 |     100 |     100 |                            
-------------------|---------|----------|---------|---------|----------------------------

Test Suites: 2 passed, 2 total
Tests:       15 passed, 15 total
Snapshots:   0 total
Time:        4.927 s
Ran all test suites.
